// Jest Snapshot v1, https://goo.gl/fbAQLP

exports[`CreateSession -> CreateSessionForm should match snapshot 1`] = `
<form
  class="flex flex-col w-48 my-0 mx-auto"
>
  <input
    class="border outline-none py-2 px-4 rounded"
    data-testid="session-name"
    name="name"
    placeholder="create.name"
    type="text"
  />
   
  <div
    class="flex justify-center"
  >
    <thebutton-stub
      size="small"
      text="create.create"
    />
  </div>
</form>
`;
